*********************************************************************************************************************
eyJhbGciOiJSUzI1NiIsImtpZCI6IiJ9.eyJpc3MiOiJrdWJlcm5ldGVzL3NlcnZpY2VhY2NvdW50Iiwia3ViZXJuZXRlcy5pby9zZXJ2aWNlYWNjb3VudC9uYW1lc3BhY2UiOiJrdWJlLXN5c3RlbSIsImt1YmVybmV0ZXMuaW8vc2VydmljZWFjY291bnQvc2VjcmV0Lm5hbWUiOiJla3MtYWRtaW4tdG9rZW4tbnY2bjQiLCJrdWJlcm5ldGVzLmlvL3NlcnZpY2VhY2NvdW50L3NlcnZpY2UtYWNjb3VudC5uYW1lIjoiZWtzLWFkbWluIiwia3ViZXJuZXRlcy5pby9zZXJ2aWNlYWNjb3VudC9zZXJ2aWNlLWFjY291bnQudWlkIjoiN2M3MmQ3N2MtZmU4OS0xMWU4LWJjNjUtMDIwM2RhNjcxODMwIiwic3ViIjoic3lzdGVtOnNlcnZpY2VhY2NvdW50Omt1YmUtc3lzdGVtOmVrcy1hZG1pbiJ9.isYjj0vfzAijuIYNgFp7fvdAG0DvUY75MAzFrHFgzoU5z_OQ0GXFkihBUYSCLDMBZAzgU12oxeT_kQgAIXXg-ydymwEoiov5MdzOCfUFVmlP7MD6aJRTVF_hQwcgzfKiO_gS6We6eRNDOcxMGXSObk689LIhHBzNpa2BeCUdYQF_ngDb1gzod3BOVkGioe_rbhYJvReV2LCW_GxfvQinChMQ-d36npVvOpUsY8MaOWdWo5fUl7BeOcLNetXTzkKSH4Tl1X-mK-UXKPYj0oZC2fPV1uIh5ubc3F3AVeH0tjW85qti3YnyS4IABl_CMucNa3nzInSLoV30J7IMjW6vFA
*********************************************************************************************************************
delete all pods

kubectl delete --all pods
*********************************************************************************************************************
Apply complete! Resources: 25 added, 0 changed, 0 destroyed.

PS C:\DDrive\MyData\Yogesh\git_repo\DevOps\kubernetes\aws-eks> kubectl --kubeconfig .\kubeconfig_poi-eks-cluster get nodes
No resources found.


PS C:\DDrive\MyData\Yogesh\git_repo\DevOps\kubernetes\aws-eks> kubectl  --kubeconfig .\kubeconfig_poi-eks-cluster  apply -f  .\config-map-aws-auth_poi-eks-cluster.yaml
configmap "aws-auth" unchanged

PS C:\DDrive\MyData\Yogesh\git_repo\DevOps\kubernetes\aws-eks> kubectl --kubeconfig .\kubeconfig_poi-eks-cluster get nodes
No resources found.

PS C:\DDrive\MyData\Yogesh\git_repo\DevOps\kubernetes\aws-eks> kubectl --kubeconfig .\kubeconfig_poi-eks-cluster get nodes
No resources found.


PS C:\DDrive\MyData\Yogesh\git_repo\DevOps\kubernetes\aws-eks> kubectl --kubeconfig .\kubeconfig_poi-eks-cluster get nodes --watch

*********************************************************************************************************************
kubectl apply -f https://raw.githubusercontent.com/kubernetes/dashboard/master/src/deploy/recommended/kubernetes-dashboard.yaml

kubectl apply -f https://raw.githubusercontent.com/kubernetes/heapster/master/deploy/kube-config/influxdb/heapster.yaml

kubectl apply -f https://raw.githubusercontent.com/kubernetes/heapster/master/deploy/kube-config/influxdb/influxdb.yaml

kubectl apply -f https://raw.githubusercontent.com/kubernetes/heapster/master/deploy/kube-config/rbac/heapster-rbac.yaml

kubectl -n kube-system describe secret $(kubectl -n kube-system get secret | grep eks-admin | awk '{print $1}')

eyJhbGciOiJSUzI1NiIsImtpZCI6IiJ9.eyJpc3MiOiJrdWJlcm5ldGVzL3NlcnZpY2VhY2NvdW50Iiwia3ViZXJuZXRlcy5pby9zZXJ2aWNlYWNjb3VudC9uYW1lc3BhY2UiOiJrdWJlLXN5c3RlbSIsImt1YmVybmV0ZXMuaW8vc2VydmljZWFjY291bnQvc2VjcmV0Lm5hbWUiOiJla3MtYWRtaW4tdG9rZW4tcHc4bmMiLCJrdWJlcm5ldGVzLmlvL3NlcnZpY2VhY2NvdW50L3NlcnZpY2UtYWNjb3VudC5uYW1lIjoiZWtzLWFkbWluIiwia3ViZXJuZXRlcy5pby9zZXJ2aWNlYWNjb3VudC9zZXJ2aWNlLWFjY291bnQudWlkIjoiODBiZDY0YzgtZjEzZC0xMWU4LWExYTMtMGEzNmQ0Y2E2ZmEyIiwic3ViIjoic3lzdGVtOnNlcnZpY2VhY2NvdW50Omt1YmUtc3lzdGVtOmVrcy1hZG1pbiJ9.FrwNSxGsCb35ayC4FvT1mA5BIGRx62NFkN_QH5-fXnzmtWv2GcxchthSfU-OaKnoWnALbjpr3HCvFl-SyM3mhzJQ0rC8EVbaUuCmNHApTz4IwQbfBvQrFaaCkSP78WfIQMaWfrLJQw_7QbrjzcwIdroq8_paA4nv6sf859KKkoJH3TieSA30puqVQcmHZXW7rBSH47K_mrX_V772cbjyhTVUe_j18D-1sgysiXQOmYK6CECWru1ktSNhOEqS79F1tQ_G8uC6O873GV3Mua9SUaGQrczbXSQAr2Cgmjq1JQS-Ej-JG1sXnC6HIq2CpPF5FFuHp66hUOcfCDSOnow23w
*********************************************************************************************************************
data "aws_vpc" "default" {
  default = true
}

data "aws_subnet_ids" "default" {
  vpc_id = "${data.aws_vpc.default.id}"
}
*********************************************************************************************************************
kubectl get nodes --show-labels
*********************************************************************************************************************
Login inside pod
https://kubernetes.io/docs/tasks/debug-application-cluster/get-shell-running-container/

kubectl exec -it optimus-ui-74dcdfb87c-xq62x  -- /bin/bash

If /bin/bash not found in any pod then do this
kubectl exec -it optimus-runner-5579655b5c-bwx6r   -- apk update
kubectl exec -it optimus-runner-5579655b5c-bwx6r   -- apk add bash
And then you can do:
kubectl exec -it optimus-runner-5579655b5c-bwx6r   -- /bin/bash
*********************************************************************************************************************
An execution plan has been generated and is shown below.
Resource actions are indicated with the following symbols:
  ~ update in-place

Terraform will perform the following actions:

  ~ module.eks.aws_autoscaling_group.workers[0]
      min_size: "0" => "2"


Plan: 0 to add, 1 to change, 0 to destroy.

Do you want to perform these actions?
  Terraform will perform the actions described above.
  Only 'yes' will be accepted to approve.

  Enter a value: yes

module.eks.aws_autoscaling_group.workers[0]: Modifying... (ID: poi-eks-cluster-020181126052412380800000010)
  min_size: "0" => "2"
module.eks.aws_autoscaling_group.workers[0]: Modifications complete after 2s (ID: poi-eks-cluster-020181126052412380800000010)

Apply complete! Resources: 0 added, 1 changed, 0 destroyed.
*********************************************************************************************************************